# ==================================================================================================== #
    
                #        ______     _____    _____
                #        |  __ \   / ____|  / ____|
                #        | |__) | | (___   | |     
                #        |  ___/   \___ \  | |     
                #        | |       ____) | | |____ 
                #        |_|      |_____/   \_____|
                
                # Parameter Space Concept in Crystallography
                
# ==================================================================================================== #

[solver | INFO] Created HDF5 file: tmp\pscsolver_20260627-170304-84cbfb.h5
[solver | INFO] Solver started at: 0:00:00
[solver | INFO] Solving 3D structure
[solver | INFO] Strucutre before COO: [0.328 0.218 0.125]
[solver | INFO] Strucutre after COO: [0.172 0.282 0.375]
[solver | INFO] Calculated amplitudes values:
    1 :  5.770818
    2 : -167.200699
    3 : -22.129985
    4 :  0.564655
[choiceoforigin | INFO] COO not required g(l=1)=5.7708
[solver | INFO] Reflection: [1 2 3 4]
[solver | INFO] Structure factors: [10  8  1]
[solver | INFO] Structure: [0.172 0.282 0.375]
[solver | INFO] Variant: NEPA
[solver | INFO] Intensity type: intensity
[solver | INFO] Output path: tmp
[solver | INFO] Calculated intensity/amplitude:
    1 :  5.770818
    2 : -167.200699
    3 : -22.129985
    4 :  0.564655
[solver | INFO] 
[solver | INFO] Starting linearizer at : 0:00:00.037953
[solver | INFO] Linearizing reflection : 1 Intensity: 5.7708180171281604 
[linearizer | INFO] [NEPALinearizer] found non-intersection: 2
[linearizer | INFO] [MAXIMIZE] Guess=[0.     0.4043 0.5   ] -> Found=[0.0027 0.4043 0.5   ] | I=5.770800 | D = 0.32969060 | Angle=50.49 deg.
[linearizer | INFO] [MAXIMIZE] Guess=[0.     0.5    0.1841] -> Found=[0.0042 0.5    0.1835] | I=5.770802 | D = 0.33730929 | Angle=67.99 deg.
[linearizer | INFO] [MAXIMIZE] Guess=[0.0553 0.5    0.    ] -> Found=[0.0553 0.5    0.    ] | I=5.770818 | D = 0.34694694 | Angle=39.02 deg.
[linearizer | INFO] [MAXIMIZE] Guess=[0.326 0.    0.5  ] -> Found=[0.326  0.0032 0.5   ] | I=5.770794 | D = 0.33709237 | Angle=38.00 deg.
[linearizer | INFO] [MAXIMIZE] Guess=[0.3647 0.     0.    ] -> Found=[0.3644 0.0082 0.0156] | I=5.770783 | D = 0.29058321 | Angle=35.82 deg.
[linearizer | INFO] [MAXIMIZE] Guess=[0.2298 0.2298 0.2298] -> Found=[0.2298 0.2298 0.2298] | I=5.770818 | D = 0.35589259 | Angle=4.99 deg.
[linearizer | INFO] [MAXIMIZE] Guess=[0.   0.41 0.41] -> Found=[0.0387 0.3944 0.5   ] | I=5.770805 | D = 0.35167857 | Angle=27.47 deg.
[MAXIMIZE] Optimization failed for: [0.5 0.  0. ]

[linearizer | INFO] [MAXIMIZE] Guess=[0.335 0.    0.335] -> Found=[0.3213 0.0431 0.4639] | I=5.770774 | D = 0.35175203 | Angle=25.84 deg.
[linearizer | INFO] [MAXIMIZE] Guess=[0.0527 0.5    0.0527] -> Found=[0.0527 0.5    0.0527] | I=5.770818 | D = 0.35355550 | Angle=37.88 deg.
[linearizer | INFO] [MAXIMIZE] Guess=[0.2376 0.2376 0.    ] -> Found=[0.2376 0.2376 0.    ] | I=5.770818 | D = 0.32903025 | Angle=9.44 deg.
[linearizer | INFO] [MAXIMIZE] Guess=[0.2197 0.2197 0.5   ] -> Found=[0.2197 0.2197 0.5   ] | I=5.770818 | D = 0.38614344 | Angle=9.44 deg.
[linearizer | INFO] [MINIMIZE] Guess=[0.     0.4043 0.5   ] -> Found=[0.     0.4045 0.4852] | I=5.770838 | D = 0.32531753 | Angle=52.32 deg.
[linearizer | INFO] [MINIMIZE] Guess=[0.     0.5    0.1841] -> Found=[0.     0.4981 0.1842] | I=5.770845 | D = 0.33298274 | Angle=76.98 deg.
[linearizer | INFO] [MINIMIZE] Guess=[0.0553 0.5    0.    ] -> Found=[0.0587 0.4783 0.    ] | I=5.770833 | D = 0.33638618 | Angle=23.18 deg.
[linearizer | INFO] [MINIMIZE] Guess=[0.326 0.    0.5  ] -> Found=[0.326 0.    0.5  ] | I=5.770818 | D = 0.33513993 | Angle=39.02 deg.
[linearizer | INFO] [MINIMIZE] Guess=[0.3647 0.     0.    ] -> Found=[0.3647 0.     0.    ] | I=5.770818 | D = 0.28332156 | Angle=39.02 deg.
[linearizer | INFO] [MINIMIZE] Guess=[0.2298 0.2298 0.2298] -> Found=[0.2298 0.2298 0.2298] | I=5.770818 | D = 0.35589259 | Angle=4.99 deg.
[linearizer | INFO] [MINIMIZE] Guess=[0.   0.41 0.41] -> Found=[0.   0.41 0.41] | I=5.770818 | D = 0.31633823 | Angle=51.42 deg.
[linearizer | INFO] [MINIMIZE] Guess=[0.5 0.  0. ] -> Found=[0.3647 0.     0.    ] | I=5.770818 | D = 0.28332156 | Angle=39.02 deg.
[linearizer | INFO] [MINIMIZE] Guess=[0.335 0.    0.335] -> Found=[0.335 0.    0.335] | I=5.770818 | D = 0.31507156 | Angle=37.88 deg.
[linearizer | INFO] [MINIMIZE] Guess=[0.0527 0.5    0.0527] -> Found=[0.0594 0.4761 0.    ] | I=5.770829 | D = 0.33556080 | Angle=21.88 deg.
[linearizer | INFO] [MINIMIZE] Guess=[0.2376 0.2376 0.    ] -> Found=[0.2376 0.2376 0.    ] | I=5.770818 | D = 0.32903025 | Angle=9.44 deg.
[linearizer | INFO] [MINIMIZE] Guess=[0.2197 0.2197 0.5   ] -> Found=[0.0981 0.3708 0.2906] | I=5.770838 | D = 0.34920442 | Angle=7.50 deg.
[solver | INFO] ! Status : True Linearization for reflection 1 is successful. CheckLinearizer is done by distance check
[solver | INFO] Linearizing reflection : 2 Intensity: -167.20069938014888 
[linearizer | INFO] [NEPALinearizer] found non-intersection: 1
[linearizer | INFO] [MAXIMIZE] Guess=[0.     0.0841 0.25  ] -> Found=[0.0013 0.0841 0.25  ] | I=167.200691 | D = 0.07050835 | Angle=47.30 deg.
[linearizer | INFO] [MAXIMIZE] Guess=[0.     0.1056 0.    ] -> Found=[0.001  0.1056 0.0002] | I=167.200684 | D = 0.07045955 | Angle=47.78 deg.
[linearizer | INFO] [MAXIMIZE] Guess=[0.0745 0.     0.25  ] -> Found=[0.0745 0.0004 0.25  ] | I=167.200692 | D = 0.07001760 | Angle=41.21 deg.
[linearizer | INFO] [MAXIMIZE] Guess=[0.0929 0.     0.    ] -> Found=[0.0929 0.0003 0.0001] | I=167.200686 | D = 0.06972182 | Angle=41.33 deg.
[linearizer | INFO] [MAXIMIZE] Guess=[0.0654 0.0654 0.0654] -> Found=[0.0654 0.0654 0.0654] | I=167.200699 | D = 0.09586782 | Angle=3.01 deg.
[linearizer | INFO] [MINIMIZE] Guess=[0.     0.0841 0.25  ] -> Found=[0.     0.0841 0.25  ] | I=167.200699 | D = 0.06951865 | Angle=48.68 deg.
[linearizer | INFO] [MINIMIZE] Guess=[0.     0.1056 0.    ] -> Found=[0.     0.1056 0.    ] | I=167.200699 | D = 0.06972822 | Angle=48.68 deg.
[linearizer | INFO] [MINIMIZE] Guess=[0.0745 0.     0.25  ] -> Found=[0.0745 0.     0.25  ] | I=167.200699 | D = 0.06975165 | Angle=41.50 deg.
[linearizer | INFO] [MINIMIZE] Guess=[0.0929 0.     0.    ] -> Found=[0.0929 0.     0.    ] | I=167.200699 | D = 0.06954205 | Angle=41.50 deg.
[linearizer | INFO] [MINIMIZE] Guess=[0.0654 0.0654 0.0654] -> Found=[0.0654 0.0654 0.0654] | I=167.200699 | D = 0.09586782 | Angle=3.01 deg.
[solver | WARNING] ! Status : False Linearization for reflection 2 is Failed. Use dist_new
[solver | INFO] Linearizing reflection : 3 Intensity: -22.129984956522474 
[linearizer | INFO] [NEPALinearizer] found non-intersection: 1
[linearizer | INFO] [MAXIMIZE] Guess=[0.     0.1134 0.1667] -> Found=[0.0013 0.1134 0.1667] | I=22.129971 | D = 0.08310891 | Angle=48.52 deg.
[linearizer | INFO] [MAXIMIZE] Guess=[0.     0.1314 0.    ] -> Found=[0.0007 0.1314 0.0005] | I=22.129977 | D = 0.08410836 | Angle=48.97 deg.
[linearizer | INFO] [MAXIMIZE] Guess=[0.0956 0.     0.1667] -> Found=[0.0956 0.0022 0.1667] | I=22.129976 | D = 0.08498401 | Angle=37.78 deg.
[linearizer | INFO] [MAXIMIZE] Guess=[0.1069 0.     0.    ] -> Found=[0.1068 0.0023 0.0014] | I=22.129972 | D = 0.08375863 | Angle=37.49 deg.
[linearizer | INFO] [MAXIMIZE] Guess=[0.0701 0.0701 0.0701] -> Found=[0.0701 0.0701 0.0701] | I=22.129985 | D = 0.10268137 | Angle=1.35 deg.
[linearizer | INFO] [MINIMIZE] Guess=[0.     0.1134 0.1667] -> Found=[0.     0.1134 0.1667] | I=22.129985 | D = 0.08215842 | Angle=50.52 deg.
[linearizer | INFO] [MINIMIZE] Guess=[0.     0.1314 0.    ] -> Found=[0.     0.1314 0.    ] | I=22.129985 | D = 0.08354089 | Angle=50.52 deg.
[linearizer | INFO] [MINIMIZE] Guess=[0.0956 0.     0.1667] -> Found=[0.0956 0.     0.1667] | I=22.129985 | D = 0.08363319 | Angle=39.69 deg.
[linearizer | INFO] [MINIMIZE] Guess=[0.1069 0.     0.    ] -> Found=[0.1069 0.     0.    ] | I=22.129985 | D = 0.08224932 | Angle=39.69 deg.
[linearizer | INFO] [MINIMIZE] Guess=[0.0701 0.0701 0.0701] -> Found=[0.0701 0.0701 0.0701] | I=22.129985 | D = 0.10268137 | Angle=1.35 deg.
[solver | WARNING] ! Status : False Linearization for reflection 3 is Failed. Use dist_new
[solver | INFO] Linearizing reflection : 4 Intensity: 0.5646552975618565 
[linearizer | INFO] [NEPALinearizer] found non-intersection: 2
[linearizer | INFO] [MAXIMIZE] Guess=[0.0089 0.125  0.125 ] -> Found=[0.0089 0.125  0.125 ] | I=0.564655 | D = 0.09376127 | Angle=34.89 deg.
[linearizer | INFO] [MAXIMIZE] Guess=[0.0272 0.125  0.    ] -> Found=[0.0232 0.125  0.0459] | I=0.564655 | D = 0.09473052 | Angle=33.74 deg.
[linearizer | INFO] [MAXIMIZE] Guess=[0.0894 0.     0.125 ] -> Found=[0.0744 0.0375 0.125 ] | I=0.564655 | D = 0.09890693 | Angle=7.83 deg.
[linearizer | INFO] [MAXIMIZE] Guess=[0.1011 0.     0.    ] -> Found=[0.0744 0.0375 0.125 ] | I=0.564655 | D = 0.09890693 | Angle=7.83 deg.
[linearizer | INFO] [MAXIMIZE] Guess=[0.0609 0.0609 0.0609] -> Found=[0.0744 0.0375 0.125 ] | I=0.564655 | D = 0.09890693 | Angle=7.83 deg.
[linearizer | INFO] [MAXIMIZE] Guess=[0.    0.125 0.125] -> Found=[0.0089 0.125  0.125 ] | I=0.564655 | D = 0.09376127 | Angle=34.89 deg.
[MAXIMIZE] Optimization failed for: [0.125 0.    0.   ]

[linearizer | INFO] [MAXIMIZE] Guess=[0.0911 0.     0.0911] -> Found=[0.0744 0.0375 0.125 ] | I=0.564655 | D = 0.09890693 | Angle=7.83 deg.
[linearizer | INFO] [MAXIMIZE] Guess=[0.0259 0.125  0.0259] -> Found=[0.0232 0.125  0.0459] | I=0.564655 | D = 0.09473052 | Angle=33.74 deg.
[linearizer | INFO] [MAXIMIZE] Guess=[0.063 0.063 0.   ] -> Found=[0.0744 0.0375 0.125 ] | I=0.564655 | D = 0.09890693 | Angle=7.83 deg.
[linearizer | INFO] [MAXIMIZE] Guess=[0.0586 0.0586 0.125 ] -> Found=[0.0744 0.0375 0.125 ] | I=0.564655 | D = 0.09890693 | Angle=7.83 deg.
[linearizer | INFO] [MINIMIZE] Guess=[0.0089 0.125  0.125 ] -> Found=[0.0343 0.099  0.037 ] | I=0.564655 | D = 0.08818752 | Angle=3.11 deg.
[linearizer | INFO] [MINIMIZE] Guess=[0.0272 0.125  0.    ] -> Found=[0.0401 0.0933 0.    ] | I=0.564655 | D = 0.08469436 | Angle=7.83 deg.
[linearizer | INFO] [MINIMIZE] Guess=[0.0894 0.     0.125 ] -> Found=[0.1011 0.     0.    ] | I=0.564655 | D = 0.08292445 | Angle=34.89 deg.
[linearizer | INFO] [MINIMIZE] Guess=[0.1011 0.     0.    ] -> Found=[0.1011 0.     0.    ] | I=0.564655 | D = 0.08292445 | Angle=34.89 deg.
[linearizer | INFO] [MINIMIZE] Guess=[0.0609 0.0609 0.0609] -> Found=[0.0401 0.0933 0.    ] | I=0.564655 | D = 0.08469436 | Angle=7.83 deg.
[linearizer | INFO] [MINIMIZE] Guess=[0.    0.125 0.125] -> Found=[0.0401 0.0933 0.    ] | I=0.564655 | D = 0.08469436 | Angle=7.83 deg.
[MINIMIZE] Optimization failed for: [0.125 0.    0.   ]

[linearizer | INFO] [MINIMIZE] Guess=[0.0911 0.     0.0911] -> Found=[0.1011 0.     0.    ] | I=0.564655 | D = 0.08292445 | Angle=34.89 deg.
[linearizer | INFO] [MINIMIZE] Guess=[0.0259 0.125  0.0259] -> Found=[0.029  0.1137 0.0093] | I=0.564655 | D = 0.08823323 | Angle=16.59 deg.
[linearizer | INFO] [MINIMIZE] Guess=[0.063 0.063 0.   ] -> Found=[0.0401 0.0933 0.    ] | I=0.564655 | D = 0.08469436 | Angle=7.83 deg.
[linearizer | INFO] [MINIMIZE] Guess=[0.0586 0.0586 0.125 ] -> Found=[0.0468 0.0838 0.0042] | I=0.564655 | D = 0.08553709 | Angle=7.74 deg.
[solver | INFO] ! Status : True Linearization for reflection 4 is successful. CheckLinearizer is done by distance check
[solver | INFO] 
[solver | INFO] Starting Tessellator at : 0:00:05.023753
[solver | INFO] Tessellating for reflection : 1
[solver | INFO] Found polytopes for reflection 1 is : 1
[solver | INFO] Tessellating for reflection : 2
[solver | INFO] Found polytopes for reflection 2 is : 16
[solver | INFO] Tessellating for reflection : 3
[solver | INFO] Found polytopes for reflection 3 is : 54
[solver | INFO] Tessellating for reflection : 4
[solver | INFO] Found polytopes for reflection 4 is : 128
[solver | INFO] 
[solver | INFO] Starting Intersector at : 0:00:05.453541
[solver | INFO] Found 10 solution spaces at reflections 1 & 2 - s12
[solver | INFO] Found 34 solution spaces at reflection 3 - s23
[solver | INFO] Found 80 solution spaces at reflection 4 - s34
[solver | INFO] 
[solver | INFO] Starting Solution Merger at : 0:00:07.663743
[solver | INFO] Available keys in intersection object ['s12', 's23', 's34']
[solver | INFO] Intersection at s34 will be merged
[solver | INFO] Components mergerged into single polytope: [[0, 15, 13, 2, 3], [1, 16, 17, 5, 4, 14], [6, 24, 25, 8, 7, 23], [9, 10], [11, 61, 46, 45, 33, 36, 32, 12], [18, 39, 48, 49, 47, 27, 52, 62, 31, 30, 29, 51, 50, 26, 28, 22, 21, 19, 38, 20], [34, 54, 70, 69, 68, 67, 65, 64, 55, 56, 53, 43, 42], [35, 63, 75, 74, 59, 60, 58, 57, 37], [40, 41], [44, 66], [71, 77, 78, 79, 73, 72, 76]]
[solver | INFO] Number of polytops in merged region: 11
[solver | INFO] Number of polytops in unmerged region: 80
[solver | INFO] 
[solver | INFO] Starting SolutionSelector at : 0:00:08.206071
[solutionselector | INFO] Polytope index: 0 | Inital solution (centroid of polytope): [0.04432374424764726, 0.42675590247556944, 0.13307265187863215] | Final optimized solution: [0.04361 0.42469 0.14846] | error on structure: [0.009582157517181607, 0.011678678021668498, 0.07133454159860911] | error on intensity: 3.97926289779778
[solutionselector | INFO] Polytope index: 1 | Inital solution (centroid of polytope): [0.08050563770227163, 0.4669851235864387, 0.11012508004023] | Final optimized solution: [0.07889 0.45791 0.0789 ] | error on structure: [0.018930288773784876, 0.017727618714546478, 0.11858098984871518] | error on intensity: 1.9843564677107541
[solutionselector | INFO] Polytope index: 2 | Inital solution (centroid of polytope): [0.04328359849612707, 0.4261903220139261, 0.37499999999999983] | Final optimized solution: [0.05    0.43092 0.34792] | error on structure: [0.011874290901666478, 0.020422794789867027, 0.1056654473880631] | error on intensity: 2.9990789364615065
[solutionselector | INFO] Polytope index: 3 | Inital solution (centroid of polytope): [0.1398994215282993, 0.24876216748265634, 0.3272638390038912] | Final optimized solution: [0.14232 0.25    0.32503] | error on structure: [0.0035705301238422166, 0.0020202230765090645, 0.027260133644238405] | error on intensity: 71.96936811107587
[solutionselector | INFO] Polytope index: 4 | Inital solution (centroid of polytope): [0.24126918201709832, 0.12842296284135352, 0.35473122829301457] | Final optimized solution: [0.24331 0.13584 0.3731 ] | error on structure: [0.009349952502824069, 0.010699449275684107, 0.06226022439759177] | error on intensity: 56.93124808439535
[solutionselector | INFO] Polytope index: 5 | Inital solution (centroid of polytope): [0.16783054581183834, 0.27806430794630105, 0.2872866715016526] | Final optimized solution: [0.172 0.282 0.375] | error on structure: [0.029140951649561347, 0.030228643840290975, 0.21452542138623001] | error on intensity: 6.0688053016925206e-05
[solutionselector | INFO] Polytope index: 6 | Inital solution (centroid of polytope): [0.27842956917681333, 0.15072185005235683, 0.1582128649214445] | Final optimized solution: [0.27481 0.15674 0.15075] | error on structure: [0.019447163729526318, 0.0283652671770369, 0.0914664428538814] | error on intensity: 7.542325585877448
[solutionselector | INFO] Polytope index: 7 | Inital solution (centroid of polytope): [0.2685926883429034, 0.14277087303495847, 0.3620679891428992] | Final optimized solution: [0.27049 0.15668 0.375  ] | error on structure: [0.019847985282885255, 0.023559680968769668, 0.06799632347981635] | error on intensity: 12.071390785212143
[solutionselector | INFO] Polytope index: 8 | Inital solution (centroid of polytope): [0.20938067357715004, 0.33108293733159977, 0.06668598773518504] | Final optimized solution: [0.21168 0.32756 0.08194] | error on structure: [0.0025404041401615313, 0.004210017966090662, 0.019377006854729144] | error on intensity: 21.636180297264534
[solutionselector | INFO] Polytope index: 9 | Inital solution (centroid of polytope): [0.31635324911446483, 0.20063204789050343, 0.04273971771555832] | Final optimized solution: [0.31481 0.20383 0.05203] | error on structure: [0.0045137095741860644, 0.004101266589936009, 0.0241655171003537] | error on intensity: 12.674263318600444
[solutionselector | INFO] Polytope index: 10 | Inital solution (centroid of polytope): [0.42001091481355474, 0.02992418376187128, 0.10396756240669279] | Final optimized solution: [0.42257 0.03225 0.12902] | error on structure: [0.014450736453609642, 0.023540877296154006, 0.12720872671643602] | error on intensity: 5.674727745346947
[solutionselector | INFO] Best polytope index: 5
[solutionselector | INFO] Error: 6.0688053016925206e-05
[solutionselector | INFO] Best parameters: [0.17199992780185647, 0.28199998980516544, 0.37499944452971273] | sorted parameter: [0.37499944452971273, 0.28199998980516544, 0.17199992780185647] | given structure: [0.172 0.282 0.375] | Error on structure: [0.029140951649561347, 0.030228643840290975, 0.21452542138623001] | Error on Intensity: 6.0688053016925206e-05
